// Jest Snapshot v1, https://goo.gl/fbAQLP

exports[`Button Contains text 1`] = `
<button
  className="btn -primary"
  onClick={[Function]}
  type="button"
/>
`;
